All Trades:
    trade_id=T1 trade_type=Swap trade_notion = 100.0
    trade_id=T2 trade_type=Swap trade_notion = 200.0
    trade_id=T3 trade_type=Bond trade_notion = 300.0
All Swaps:
    trade_id=T1 trade_type=Swap trade_notion = 100.0
    trade_id=T2 trade_type=Swap trade_notion = 200.0
Swaps where fixed leg has GBP currency:
    trade_id=T2 trade_type=Swap trade_notion = 200.0 leg_type[0]=Fixed leg_ccy[0]=GBP leg_type[1]=Floating leg_ccy[1]=EUR
Trades where notion >= 200:
    trade_id=T2 trade_type=Swap trade_notion = 200.0
    trade_id=T3 trade_type=Bond trade_notion = 300.0
