DataClass(int_attribute=1, list_attribute=[2, 3])
